---
source: crates/wsh-parser/tests/tests.rs
expression: pretty_fmt(&module)
---

