---
source: crates/shwasi-lang/src/parser/mod.rs
expression: ast
---
Ast {
    statements: [
        Pipeline(
            Pipeline {
                env: [],
                commands: [
                    Command {
                        name: "echo",
                        args: [
                            String(
                                "hi",
                            ),
                        ],
                        merge_stderr: true,
                    },
                    Command {
                        name: "cat",
                        args: [],
                        merge_stderr: false,
                    },
                ],
                write: None,
            },
        ),
    ],
}
