---
source: crates/shwasi-lang/src/parser/mod.rs
expression: ast
---
Ast {
    statements: [
        Pipeline(
            Pipeline(
                [
                    Command {
                        name: "echo",
                        args: [
                            String(
                                "hello",
                            ),
                            String(
                                "world",
                            ),
                        ],
                    },
                ],
            ),
        ),
        Pipeline(
            Pipeline(
                [
                    Command {
                        name: "ls",
                        args: [
                            String(
                                "-l",
                            ),
                        ],
                    },
                ],
            ),
        ),
    ],
}
