---
source: crates/shwasi-engine/tests/tests.rs
expression: pretty_fmt(&module)
---

