---
source: crates/wsh-lang/src/parser/v2/mod.rs
expression: ast
---
ROOT
  WHILE
    BINOP `==`
      IDENT `x`
      NUMBER `3`
    BODY
      PIPELINE
        COMMAND
          IDENT `echo`
          IDENT `hi`

