---
source: crates/wsh-lang/src/parser/v2/mod.rs
expression: ast
---
ROOT
  PIPELINE
    COMMAND
      STRING `echo`
      BINOP `+`
        HOME_DIR
        STRING `/code`

